// Jest Snapshot v1, https://goo.gl/fbAQLP

exports[`<DrawerChatMessaging /> should match snapshot 1`] = `<Fragment />`;
